node_modules/next/dist/build/templates/app-page.d.ts(10,40): error TS2307: Cannot find module 'VAR_MODULE_GLOBAL_ERROR' or its corresponding type declarations.
node_modules/next/dist/build/webpack-config.d.ts(11,104): error TS2694: Namespace '"C:/Users/Adithyakrishnan/Desktop/Medguardian/frontend/node_modules/next/dist/compiled/webpack/webpack".webpack' has no exported member 'RuleSetUseItem'.
node_modules/next/dist/build/webpack/loaders/next-app-loader.d.ts(1,13): error TS2613: Module '"C:/Users/Adithyakrishnan/Desktop/Medguardian/frontend/node_modules/next/dist/compiled/webpack/webpack"' has no default export. Did you mean to use 'import { webpack } from "C:/Users/Adithyakrishnan/Desktop/Medguardian/frontend/node_modules/next/dist/compiled/webpack/webpack"' instead?
node_modules/next/dist/build/webpack/plugins/define-env-plugin.d.ts(26,86): error TS2694: Namespace '"C:/Users/Adithyakrishnan/Desktop/Medguardian/frontend/node_modules/next/dist/compiled/webpack/webpack".webpack' has no exported member 'DefinePlugin'.
node_modules/next/dist/client/components/error-boundary.d.ts(1,8): error TS1259: Module '"C:/Users/Adithyakrishnan/Desktop/Medguardian/frontend/node_modules/@types/react/index"' can only be default-imported using the 'esModuleInterop' flag
node_modules/next/dist/client/components/layout-router.d.ts(3,8): error TS1259: Module '"C:/Users/Adithyakrishnan/Desktop/Medguardian/frontend/node_modules/@types/react/index"' can only be default-imported using the 'esModuleInterop' flag
node_modules/next/dist/client/components/not-found-boundary.d.ts(1,8): error TS1259: Module '"C:/Users/Adithyakrishnan/Desktop/Medguardian/frontend/node_modules/@types/react/index"' can only be default-imported using the 'esModuleInterop' flag
node_modules/next/dist/client/with-router.d.ts(1,8): error TS1259: Module '"C:/Users/Adithyakrishnan/Desktop/Medguardian/frontend/node_modules/@types/react/index"' can only be default-imported using the 'esModuleInterop' flag
node_modules/next/dist/server/app-render/entry-base.d.ts(1,85): error TS2307: Cannot find module 'react-server-dom-webpack/server.edge' or its corresponding type declarations.
node_modules/next/dist/server/render.d.ts(17,8): error TS1259: Module '"C:/Users/Adithyakrishnan/Desktop/Medguardian/frontend/node_modules/@types/react/index"' can only be default-imported using the 'esModuleInterop' flag
node_modules/next/dist/shared/lib/amp-context.shared-runtime.d.ts(1,8): error TS1259: Module '"C:/Users/Adithyakrishnan/Desktop/Medguardian/frontend/node_modules/@types/react/index"' can only be default-imported using the 'esModuleInterop' flag
node_modules/next/dist/shared/lib/app-router-context.shared-runtime.d.ts(4,8): error TS1259: Module '"C:/Users/Adithyakrishnan/Desktop/Medguardian/frontend/node_modules/@types/react/index"' can only be default-imported using the 'esModuleInterop' flag
node_modules/next/dist/shared/lib/head-manager-context.shared-runtime.d.ts(1,8): error TS1259: Module '"C:/Users/Adithyakrishnan/Desktop/Medguardian/frontend/node_modules/@types/react/index"' can only be default-imported using the 'esModuleInterop' flag
node_modules/next/dist/shared/lib/image-config-context.shared-runtime.d.ts(1,8): error TS1259: Module '"C:/Users/Adithyakrishnan/Desktop/Medguardian/frontend/node_modules/@types/react/index"' can only be default-imported using the 'esModuleInterop' flag
node_modules/next/dist/shared/lib/loadable-context.shared-runtime.d.ts(1,8): error TS1259: Module '"C:/Users/Adithyakrishnan/Desktop/Medguardian/frontend/node_modules/@types/react/index"' can only be default-imported using the 'esModuleInterop' flag
node_modules/next/dist/shared/lib/loadable.shared-runtime.d.ts(21,8): error TS1259: Module '"C:/Users/Adithyakrishnan/Desktop/Medguardian/frontend/node_modules/@types/react/index"' can only be default-imported using the 'esModuleInterop' flag
node_modules/next/dist/shared/lib/router-context.shared-runtime.d.ts(1,8): error TS1259: Module '"C:/Users/Adithyakrishnan/Desktop/Medguardian/frontend/node_modules/@types/react/index"' can only be default-imported using the 'esModuleInterop' flag
node_modules/next/dist/shared/lib/server-inserted-html.shared-runtime.d.ts(1,8): error TS1259: Module '"C:/Users/Adithyakrishnan/Desktop/Medguardian/frontend/node_modules/@types/react/index"' can only be default-imported using the 'esModuleInterop' flag
node_modules/next/dist/shared/lib/utils.d.ts(12,13): error TS1192: Module '"fs"' has no default export.
node_modules/next/types/index.d.ts(10,13): error TS1259: Module '"C:/Users/Adithyakrishnan/Desktop/Medguardian/frontend/node_modules/@types/react/index"' can only be default-imported using the 'esModuleInterop' flag
src/app/(dashboard)/anomalies/page.tsx(10,32): error TS2307: Cannot find module '@/components/AnomalyAlertWidget' or its corresponding type declarations.
src/app/(dashboard)/anomalies/page.tsx(16,8): error TS2307: Cannot find module '@/lib/api/anomaly' or its corresponding type declarations.
src/app/(dashboard)/anomalies/page.tsx(17,26): error TS2307: Cannot find module '@/lib/api' or its corresponding type declarations.
src/app/(dashboard)/anomalies/page.tsx(18,35): error TS2307: Cannot find module '@/components/ui/SkeletonLoaders' or its corresponding type declarations.
src/app/(dashboard)/anomalies/page.tsx(19,32): error TS2307: Cannot find module '@/components/animations/PageTransition' or its corresponding type declarations.
src/app/(dashboard)/anomalies/page.tsx(20,25): error TS2307: Cannot find module '@/hooks/useUser' or its corresponding type declarations.
src/app/(dashboard)/anomalies/page.tsx(160,29): error TS17004: Cannot use JSX unless the '--jsx' flag is provided.
src/app/(dashboard)/anomalies/page.tsx(163,9): error TS17004: Cannot use JSX unless the '--jsx' flag is provided.
src/app/(dashboard)/anomalies/page.tsx(164,13): error TS17004: Cannot use JSX unless the '--jsx' flag is provided.
src/app/(dashboard)/anomalies/page.tsx(165,17): error TS17004: Cannot use JSX unless the '--jsx' flag is provided.
src/app/(dashboard)/anomalies/page.tsx(167,13): error TS17004: Cannot use JSX unless the '--jsx' flag is provided.
src/app/(dashboard)/anomalies/page.tsx(168,13): error TS17004: Cannot use JSX unless the '--jsx' flag is provided.
src/app/(dashboard)/anomalies/page.tsx(169,13): error TS17004: Cannot use JSX unless the '--jsx' flag is provided.
src/app/(dashboard)/anomalies/page.tsx(178,9): error TS17004: Cannot use JSX unless the '--jsx' flag is provided.
src/app/(dashboard)/anomalies/page.tsx(179,13): error TS17004: Cannot use JSX unless the '--jsx' flag is provided.
src/app/(dashboard)/anomalies/page.tsx(182,17): error TS17004: Cannot use JSX unless the '--jsx' flag is provided.
src/app/(dashboard)/anomalies/page.tsx(183,21): error TS17004: Cannot use JSX unless the '--jsx' flag is provided.
src/app/(dashboard)/anomalies/page.tsx(184,25): error TS17004: Cannot use JSX unless the '--jsx' flag is provided.
src/app/(dashboard)/anomalies/page.tsx(187,25): error TS17004: Cannot use JSX unless the '--jsx' flag is provided.
src/app/(dashboard)/anomalies/page.tsx(188,29): error TS17004: Cannot use JSX unless the '--jsx' flag is provided.
src/app/(dashboard)/anomalies/page.tsx(192,21): error TS17004: Cannot use JSX unless the '--jsx' flag is provided.
src/app/(dashboard)/anomalies/page.tsx(197,25): error TS17004: Cannot use JSX unless the '--jsx' flag is provided.
src/app/(dashboard)/anomalies/page.tsx(203,17): error TS17004: Cannot use JSX unless the '--jsx' flag is provided.
src/app/(dashboard)/anomalies/page.tsx(205,25): error TS17004: Cannot use JSX unless the '--jsx' flag is provided.
src/app/(dashboard)/anomalies/page.tsx(208,29): error TS17004: Cannot use JSX unless the '--jsx' flag is provided.
src/app/(dashboard)/anomalies/page.tsx(209,29): error TS17004: Cannot use JSX unless the '--jsx' flag is provided.
src/app/(dashboard)/anomalies/page.tsx(210,29): error TS17004: Cannot use JSX unless the '--jsx' flag is provided.
src/app/(dashboard)/anomalies/page.tsx(210,68): error TS17004: Cannot use JSX unless the '--jsx' flag is provided.
src/app/(dashboard)/anomalies/page.tsx(217,21): error TS17004: Cannot use JSX unless the '--jsx' flag is provided.
src/app/(dashboard)/anomalies/page.tsx(218,25): error TS17004: Cannot use JSX unless the '--jsx' flag is provided.
src/app/(dashboard)/anomalies/page.tsx(219,29): error TS17004: Cannot use JSX unless the '--jsx' flag is provided.
src/app/(dashboard)/anomalies/page.tsx(220,29): error TS17004: Cannot use JSX unless the '--jsx' flag is provided.
src/app/(dashboard)/anomalies/page.tsx(224,25): error TS17004: Cannot use JSX unless the '--jsx' flag is provided.
src/app/(dashboard)/anomalies/page.tsx(233,17): error TS17004: Cannot use JSX unless the '--jsx' flag is provided.
src/app/(dashboard)/anomalies/page.tsx(240,25): error TS17004: Cannot use JSX unless the '--jsx' flag is provided.
src/app/(dashboard)/anomalies/page.tsx(244,29): error TS17004: Cannot use JSX unless the '--jsx' flag is provided.
src/app/(dashboard)/anomalies/page.tsx(245,29): error TS17004: Cannot use JSX unless the '--jsx' flag is provided.
src/app/(dashboard)/anomalies/page.tsx(246,33): error TS17004: Cannot use JSX unless the '--jsx' flag is provided.
src/app/(dashboard)/anomalies/page.tsx(247,33): error TS17004: Cannot use JSX unless the '--jsx' flag is provided.
src/app/(dashboard)/anomalies/page.tsx(254,17): error TS17004: Cannot use JSX unless the '--jsx' flag is provided.
src/app/(dashboard)/anomalies/page.tsx(255,21): error TS17004: Cannot use JSX unless the '--jsx' flag is provided.
src/app/(dashboard)/anomalies/page.tsx(256,25): error TS17004: Cannot use JSX unless the '--jsx' flag is provided.
src/app/(dashboard)/anomalies/page.tsx(257,25): error TS17004: Cannot use JSX unless the '--jsx' flag is provided.
src/app/(dashboard)/anomalies/page.tsx(261,25): error TS17004: Cannot use JSX unless the '--jsx' flag is provided.
src/app/(dashboard)/anomalies/page.tsx(263,29): error TS17004: Cannot use JSX unless the '--jsx' flag is provided.
src/app/(dashboard)/anomalies/page.tsx(264,29): error TS17004: Cannot use JSX unless the '--jsx' flag is provided.
src/app/(dashboard)/anomalies/page.tsx(267,25): error TS17004: Cannot use JSX unless the '--jsx' flag is provided.
src/app/(dashboard)/anomalies/page.tsx(269,29): error TS17004: Cannot use JSX unless the '--jsx' flag is provided.
src/app/(dashboard)/anomalies/page.tsx(270,29): error TS17004: Cannot use JSX unless the '--jsx' flag is provided.
src/app/(dashboard)/anomalies/page.tsx(271,29): error TS17004: Cannot use JSX unless the '--jsx' flag is provided.
src/app/(dashboard)/anomalies/page.tsx(274,25): error TS17004: Cannot use JSX unless the '--jsx' flag is provided.
src/app/(dashboard)/anomalies/page.tsx(282,37): error TS17004: Cannot use JSX unless the '--jsx' flag is provided.
src/app/(dashboard)/anomalies/page.tsx(294,41): error TS17004: Cannot use JSX unless the '--jsx' flag is provided.
src/app/(dashboard)/anomalies/page.tsx(296,45): error TS17004: Cannot use JSX unless the '--jsx' flag is provided.
src/app/(dashboard)/anomalies/page.tsx(300,41): error TS17004: Cannot use JSX unless the '--jsx' flag is provided.
src/app/(dashboard)/anomalies/page.tsx(301,45): error TS17004: Cannot use JSX unless the '--jsx' flag is provided.
src/app/(dashboard)/anomalies/page.tsx(302,45): error TS17004: Cannot use JSX unless the '--jsx' flag is provided.
src/app/(dashboard)/anomalies/page.tsx(303,49): error TS17004: Cannot use JSX unless the '--jsx' flag is provided.
src/app/(dashboard)/anomalies/page.tsx(308,53): error TS17004: Cannot use JSX unless the '--jsx' flag is provided.
src/app/(dashboard)/anomalies/page.tsx(313,53): error TS17004: Cannot use JSX unless the '--jsx' flag is provided.
src/app/(dashboard)/anomalies/page.tsx(321,41): error TS17004: Cannot use JSX unless the '--jsx' flag is provided.
src/app/(dashboard)/anomalies/page.tsx(323,45): error TS17004: Cannot use JSX unless the '--jsx' flag is provided.
src/app/(dashboard)/anomalies/page.tsx(324,49): error TS17004: Cannot use JSX unless the '--jsx' flag is provided.
src/app/(dashboard)/anomalies/page.tsx(331,53): error TS17004: Cannot use JSX unless the '--jsx' flag is provided.
src/app/(dashboard)/anomalies/page.tsx(332,53): error TS17004: Cannot use JSX unless the '--jsx' flag is provided.
src/app/(dashboard)/anomalies/page.tsx(333,53): error TS17004: Cannot use JSX unless the '--jsx' flag is provided.
src/app/(dashboard)/anomalies/page.tsx(335,49): error TS17004: Cannot use JSX unless the '--jsx' flag is provided.
src/app/(dashboard)/anomalies/page.tsx(336,53): error TS17004: Cannot use JSX unless the '--jsx' flag is provided.
src/app/(dashboard)/anomalies/page.tsx(338,57): error TS17004: Cannot use JSX unless the '--jsx' flag is provided.
src/app/(dashboard)/anomalies/page.tsx(345,49): error TS17004: Cannot use JSX unless the '--jsx' flag is provided.
src/app/(dashboard)/anomalies/page.tsx(350,60): error TS17004: Cannot use JSX unless the '--jsx' flag is provided.
src/app/(dashboard)/anomalies/page.tsx(350,111): error TS17004: Cannot use JSX unless the '--jsx' flag is provided.
src/app/(dashboard)/anomalies/page.tsx(354,49): error TS17004: Cannot use JSX unless the '--jsx' flag is provided.
src/app/(dashboard)/anomalies/page.tsx(359,60): error TS17004: Cannot use JSX unless the '--jsx' flag is provided.
src/app/(dashboard)/anomalies/page.tsx(359,111): error TS17004: Cannot use JSX unless the '--jsx' flag is provided.
src/app/(dashboard)/anomalies/page.tsx(372,17): error TS17004: Cannot use JSX unless the '--jsx' flag is provided.
src/app/(dashboard)/anomalies/page.tsx(374,21): error TS17004: Cannot use JSX unless the '--jsx' flag is provided.
src/app/(dashboard)/anomalies/page.tsx(376,25): error TS17004: Cannot use JSX unless the '--jsx' flag is provided.
src/app/(dashboard)/anomalies/page.tsx(378,21): error TS17004: Cannot use JSX unless the '--jsx' flag is provided.
src/app/(dashboard)/anomalies/page.tsx(379,25): error TS17004: Cannot use JSX unless the '--jsx' flag is provided.
src/app/(dashboard)/anomalies/page.tsx(380,25): error TS17004: Cannot use JSX unless the '--jsx' flag is provided.
src/app/(dashboard)/anomalies/page.tsx(381,33): error TS17004: Cannot use JSX unless the '--jsx' flag is provided.
src/app/(dashboard)/anomalies/page.tsx(388,17): error TS17004: Cannot use JSX unless the '--jsx' flag is provided.
src/app/(dashboard)/anomalies/page.tsx(390,25): error TS17004: Cannot use JSX unless the '--jsx' flag is provided.
src/app/(dashboard)/anomalies/page.tsx(392,29): error TS17004: Cannot use JSX unless the '--jsx' flag is provided.
src/app/(dashboard)/anomalies/page.tsx(393,29): error TS17004: Cannot use JSX unless the '--jsx' flag is provided.
src/app/(dashboard)/anomalies/page.tsx(400,33): error TS17004: Cannot use JSX unless the '--jsx' flag is provided.
src/app/(dashboard)/anomalies/page.tsx(401,37): error TS17004: Cannot use JSX unless the '--jsx' flag is provided.
src/app/(dashboard)/anomalies/page.tsx(402,41): error TS17004: Cannot use JSX unless the '--jsx' flag is provided.
src/app/(dashboard)/anomalies/page.tsx(404,45): error TS17004: Cannot use JSX unless the '--jsx' flag is provided.
src/app/(dashboard)/anomalies/page.tsx(406,41): error TS17004: Cannot use JSX unless the '--jsx' flag is provided.
src/app/(dashboard)/anomalies/page.tsx(407,45): error TS17004: Cannot use JSX unless the '--jsx' flag is provided.
src/app/(dashboard)/anomalies/page.tsx(408,45): error TS17004: Cannot use JSX unless the '--jsx' flag is provided.
src/app/(dashboard)/anomalies/page.tsx(411,37): error TS17004: Cannot use JSX unless the '--jsx' flag is provided.
src/app/(dashboard)/anomalies/page.tsx(416,41): error TS17004: Cannot use JSX unless the '--jsx' flag is provided.
src/app/(dashboard)/anomalies/page.tsx(421,33): error TS17004: Cannot use JSX unless the '--jsx' flag is provided.
src/app/(dashboard)/anomalies/page.tsx(422,37): error TS17004: Cannot use JSX unless the '--jsx' flag is provided.
src/app/(dashboard)/anomalies/page.tsx(423,37): error TS17004: Cannot use JSX unless the '--jsx' flag is provided.
src/app/(dashboard)/anomalies/page.tsx(424,41): error TS17004: Cannot use JSX unless the '--jsx' flag is provided.
src/app/(dashboard)/anomalies/page.tsx(428,45): error TS17004: Cannot use JSX unless the '--jsx' flag is provided.
src/app/(dashboard)/anomalies/page.tsx(429,45): error TS17004: Cannot use JSX unless the '--jsx' flag is provided.
src/app/(dashboard)/anomalies/page.tsx(430,45): error TS17004: Cannot use JSX unless the '--jsx' flag is provided.
src/app/(dashboard)/anomalies/page.tsx(432,41): error TS17004: Cannot use JSX unless the '--jsx' flag is provided.
src/app/(dashboard)/anomalies/page.tsx(433,45): error TS17004: Cannot use JSX unless the '--jsx' flag is provided.
src/app/(dashboard)/anomalies/page.tsx(435,49): error TS17004: Cannot use JSX unless the '--jsx' flag is provided.
src/app/(dashboard)/anomalies/page.tsx(442,33): error TS17004: Cannot use JSX unless the '--jsx' flag is provided.
src/app/(dashboard)/anomalies/page.tsx(443,37): error TS17004: Cannot use JSX unless the '--jsx' flag is provided.
src/app/(dashboard)/anomalies/page.tsx(443,114): error TS17004: Cannot use JSX unless the '--jsx' flag is provided.
src/app/(dashboard)/anomalies/page.tsx(444,37): error TS17004: Cannot use JSX unless the '--jsx' flag is provided.
src/app/(dashboard)/anomalies/page.tsx(455,33): error TS17004: Cannot use JSX unless the '--jsx' flag is provided.
src/app/(dashboard)/anomalies/page.tsx(456,37): error TS17004: Cannot use JSX unless the '--jsx' flag is provided.
src/app/(dashboard)/anomalies/page.tsx(461,37): error TS17004: Cannot use JSX unless the '--jsx' flag is provided.
src/app/(dashboard)/anomalies/page.tsx(478,47): error TS17004: Cannot use JSX unless the '--jsx' flag is provided.
src/app/(dashboard)/anomalies/page.tsx(478,49): error TS17004: Cannot use JSX unless the '--jsx' flag is provided.
src/app/(dashboard)/anomalies/page.tsx(479,47): error TS17004: Cannot use JSX unless the '--jsx' flag is provided.
src/app/(dashboard)/anomalies/page.tsx(479,49): error TS17004: Cannot use JSX unless the '--jsx' flag is provided.
