python : [2026-02-05 10:05:17,402] INFO in __init__: Database connection 
initialized for host: aws-1-ap-south-1.pooler.supabase.com:5432
At line:1 char:1
+ python test_med_exhaustive_delete.py > test_output.txt 2>&1
+ ~~~~~~~~~~~~~~~~~~~~~~~~~~~~~~~~~~~~~~~~~~~~~~~~~~~~~~~~~~~
    + CategoryInfo          : NotSpecified: ([2026-02-05 10:...pabase.com:5432 
   :String) [], RemoteException
    + FullyQualifiedErrorId : NativeCommandError
 
[2026-02-05 10:05:17,542] INFO in __init__: CORS: Initialized with support for 
credentials
[2026-02-05 10:05:17,807] INFO in __init__: SocketIO initialized successfully 
(eventlet mode)
[2026-02-05 10:05:17,807] INFO in socket_events: \u2705 SocketIO event 
handlers registered successfully
[2026-02-05 10:05:17,809] INFO in __init__: SocketIO event handlers registered
[2026-02-05 10:05:17,809] INFO in __init__: Camera sharing events registered
C:\Users\Adithyakrishnan\AppData\Local\Programs\Python\Python310\lib\site-packa
ges\flask_limiter\extension.py:336: UserWarning: Using the in-memory storage 
for tracking rate limits as no storage was explicitly specified. This is not 
recommended for production use. See: 
https://flask-limiter.readthedocs.io#configuring-a-storage-backend for 
documentation about configuring the storage backend.
  warnings.warn(
[2026-02-05 10:05:17,996] INFO in __init__: Debug routes enabled (development 
mode)
[2026-02-05 10:05:18,147] INFO in scheduler_init: Scheduler started - checking 
missed doses every 3600 seconds
[2026-02-05 10:05:18,147] INFO in scheduler_init: Scheduler started - sending 
real-time reminders every 60 seconds
[2026-02-05 10:05:18,147] INFO in scheduler_init: Scheduler started - weekly 
reports every Sunday at 9 AM
DEBUG: VisionEngineV2.__init__ called. VISION_DISABLED=False, YOLO=available
DEBUG: YOLO-World initialized on cpu
[BACKEND | Scheduler | check_missed_doses | 10:05:18.147 | START | now=10:05:18]
2026-02-05 10:05:20,991 INFO sqlalchemy.engine.Engine select pg_catalog.version()
2026-02-05 10:05:20,992 INFO sqlalchemy.engine.Engine [raw sql] {}
2026-02-05 10:05:21,086 INFO sqlalchemy.engine.Engine select current_schema()
2026-02-05 10:05:21,086 INFO sqlalchemy.engine.Engine [raw sql] {}
2026-02-05 10:05:54,451 INFO sqlalchemy.engine.Engine show standard_conforming_strings
2026-02-05 10:05:54,451 INFO sqlalchemy.engine.Engine [raw sql] {}
2026-02-05 10:05:54,593 INFO sqlalchemy.engine.Engine BEGIN (implicit)
2026-02-05 10:05:54,596 INFO sqlalchemy.engine.Engine SELECT medication.name AS medication_name, medication.dosage AS medication_dosage, medication.frequency AS medication_frequency, medication.instructions AS medication_instructions, medication.user_id AS medication_user_id, medication.morning AS medication_morning, medication.afternoon AS medication_afternoon, medication.evening AS medication_evening, medication.night AS medication_night, medication.reminder_enabled AS medication_reminder_enabled, medication.reminder_sound AS medication_reminder_sound, medication.reminder_voice AS medication_reminder_voice, medication.custom_reminder_times AS medication_custom_reminder_times, medication.start_date AS medication_start_date, medication.end_date AS medication_end_date, medication.priority AS medication_priority, medication.barcode AS medication_barcode, medication.reference_image_path AS medication_reference_image_path, medication.image_features AS medication_image_features, medication.label_text AS medication_label_text, medication.reference_images AS medication_reference_images, medication.background_image AS medication_background_image, medication.visual_fingerprint AS medication_visual_fingerprint, medication.histogram_fingerprint AS medication_histogram_fingerprint, medication.ai_trained AS medication_ai_trained, medication.id AS medication_id, medication.created_at AS medication_created_at, medication.updated_at AS medication_updated_at 
FROM medication 
WHERE medication.start_date <= %(start_date_1)s AND (medication.end_date IS NULL OR medication.end_date >= %(end_date_1)s)
2026-02-05 10:05:54,596 INFO sqlalchemy.engine.Engine [generated in 0.00021s] {'start_date_1': datetime.date(2026, 2, 5), 'end_date_1': datetime.date(2026, 2, 5)}
[BACKEND | Scheduler | check_missed_doses | 10:05:54.763 | CHECKING | meds_count=1]
[BACKEND | Scheduler | get_scheduled_times | 10:05:54.763 | PARSING_CUSTOM | med=1, raw=['16:38']]
[BACKEND | Scheduler | check_missed_doses | 10:05:54.763 | END | completed, created 0 missed logs]
2026-02-05 10:05:54,763 INFO sqlalchemy.engine.Engine ROLLBACK
[2026-02-05 10:05:54,831] INFO in scheduler_init: Initial missed dose check 
completed
≡ƒôí Telegram polling started...
Γ£à Telegram polling thread started
2026-02-05 10:05:54,833 INFO sqlalchemy.engine.Engine BEGIN (implicit)
2026-02-05 10:05:54,834 INFO sqlalchemy.engine.Engine SELECT "user".username AS user_username, "user".full_name AS user_full_name, "user".email AS user_email, "user".password_hash AS user_password_hash, "user".role AS user_role, "user".phone AS user_phone, "user".telegram_chat_id AS user_telegram_chat_id, "user".reset_token AS user_reset_token, "user".reset_token_expiry AS user_reset_token_expiry, "user".email_verified AS user_email_verified, "user".email_verification_token AS user_email_verification_token, "user".camera_auto_accept AS user_camera_auto_accept, "user".preferences AS user_preferences, "user".id AS user_id, "user".created_at AS user_created_at, "user".updated_at AS user_updated_at 
FROM "user" 
WHERE "user".username = %(username_1)s 
 LIMIT %(param_1)s
2026-02-05 10:05:54,834 INFO sqlalchemy.engine.Engine [generated in 0.00025s] {'username_1': 'adithya', 'param_1': 1}
2026-02-05 10:05:54,955 INFO sqlalchemy.engine.Engine SELECT "user".username AS user_username, "user".full_name AS user_full_name, "user".email AS user_email, "user".password_hash AS user_password_hash, "user".role AS user_role, "user".phone AS user_phone, "user".telegram_chat_id AS user_telegram_chat_id, "user".reset_token AS user_reset_token, "user".reset_token_expiry AS user_reset_token_expiry, "user".email_verified AS user_email_verified, "user".email_verification_token AS user_email_verification_token, "user".camera_auto_accept AS user_camera_auto_accept, "user".preferences AS user_preferences, "user".id AS user_id, "user".created_at AS user_created_at, "user".updated_at AS user_updated_at 
FROM "user" 
 LIMIT %(param_1)s
2026-02-05 10:05:54,955 INFO sqlalchemy.engine.Engine [generated in 0.00022s] {'param_1': 1}
Testing for user: harri
2026-02-05 10:05:55,022 INFO sqlalchemy.engine.Engine INSERT INTO medication (name, dosage, frequency, instructions, user_id, morning, afternoon, evening, night, reminder_enabled, reminder_sound, reminder_voice, custom_reminder_times, start_date, end_date, priority, barcode, reference_image_path, image_features, label_text, reference_images, background_image, visual_fingerprint, histogram_fingerprint, ai_trained, created_at, updated_at) VALUES (%(name)s, %(dosage)s, %(frequency)s, %(instructions)s, %(user_id)s, %(morning)s, %(afternoon)s, %(evening)s, %(night)s, %(reminder_enabled)s, %(reminder_sound)s, %(reminder_voice)s, %(custom_reminder_times)s, %(start_date)s, %(end_date)s, %(priority)s, %(barcode)s, %(reference_image_path)s, %(image_features)s, %(label_text)s, %(reference_images)s, %(background_image)s, %(visual_fingerprint)s, %(histogram_fingerprint)s, %(ai_trained)s, %(created_at)s, %(updated_at)s) RETURNING medication.id
2026-02-05 10:05:55,022 INFO sqlalchemy.engine.Engine [generated in 0.00030s] {'name': 'DELETE_TEST_MED', 'dosage': '10mg', 'frequency': 'daily', 'instructions': None, 'user_id': 1, 'morning': False, 'afternoon': False, 'evening': False, 'night': False, 'reminder_enabled': True, 'reminder_sound': True, 'reminder_voice': True, 'custom_reminder_times': None, 'start_date': None, 'end_date': None, 'priority': 'normal', 'barcode': None, 'reference_image_path': None, 'image_features': None, 'label_text': None, 'reference_images': None, 'background_image': None, 'visual_fingerprint': None, 'histogram_fingerprint': None, 'ai_trained': False, 'created_at': datetime.datetime(2026, 2, 5, 4, 35, 55, 22058), 'updated_at': datetime.datetime(2026, 2, 5, 4, 35, 55, 22058)}
2026-02-05 10:05:55,079 INFO sqlalchemy.engine.Engine COMMIT
2026-02-05 10:05:55,127 INFO sqlalchemy.engine.Engine BEGIN (implicit)
2026-02-05 10:05:55,128 INFO sqlalchemy.engine.Engine SELECT medication.name AS medication_name, medication.dosage AS medication_dosage, medication.frequency AS medication_frequency, medication.instructions AS medication_instructions, medication.user_id AS medication_user_id, medication.morning AS medication_morning, medication.afternoon AS medication_afternoon, medication.evening AS medication_evening, medication.night AS medication_night, medication.reminder_enabled AS medication_reminder_enabled, medication.reminder_sound AS medication_reminder_sound, medication.reminder_voice AS medication_reminder_voice, medication.custom_reminder_times AS medication_custom_reminder_times, medication.start_date AS medication_start_date, medication.end_date AS medication_end_date, medication.priority AS medication_priority, medication.barcode AS medication_barcode, medication.reference_image_path AS medication_reference_image_path, medication.image_features AS medication_image_features, medication.label_text AS medication_label_text, medication.reference_images AS medication_reference_images, medication.background_image AS medication_background_image, medication.visual_fingerprint AS medication_visual_fingerprint, medication.histogram_fingerprint AS medication_histogram_fingerprint, medication.ai_trained AS medication_ai_trained, medication.id AS medication_id, medication.created_at AS medication_created_at, medication.updated_at AS medication_updated_at 
FROM medication 
WHERE medication.id = %(pk_1)s
2026-02-05 10:05:55,128 INFO sqlalchemy.engine.Engine [generated in 0.00017s] {'pk_1': 14}
Created medication ID: 14
2026-02-05 10:05:55,311 INFO sqlalchemy.engine.Engine SELECT "user".username AS user_username, "user".full_name AS user_full_name, "user".email AS user_email, "user".password_hash AS user_password_hash, "user".role AS user_role, "user".phone AS user_phone, "user".telegram_chat_id AS user_telegram_chat_id, "user".reset_token AS user_reset_token, "user".reset_token_expiry AS user_reset_token_expiry, "user".email_verified AS user_email_verified, "user".email_verification_token AS user_email_verification_token, "user".camera_auto_accept AS user_camera_auto_accept, "user".preferences AS user_preferences, "user".id AS user_id, "user".created_at AS user_created_at, "user".updated_at AS user_updated_at 
FROM "user" 
WHERE "user".id = %(pk_1)s
2026-02-05 10:05:55,311 INFO sqlalchemy.engine.Engine [generated in 0.00025s] {'pk_1': 1}
2026-02-05 10:05:55,413 INFO sqlalchemy.engine.Engine INSERT INTO medication (name, dosage, frequency, instructions, user_id, morning, afternoon, evening, night, reminder_enabled, reminder_sound, reminder_voice, custom_reminder_times, start_date, end_date, priority, barcode, reference_image_path, image_features, label_text, reference_images, background_image, visual_fingerprint, histogram_fingerprint, ai_trained, created_at, updated_at) VALUES (%(name)s, %(dosage)s, %(frequency)s, %(instructions)s, %(user_id)s, %(morning)s, %(afternoon)s, %(evening)s, %(night)s, %(reminder_enabled)s, %(reminder_sound)s, %(reminder_voice)s, %(custom_reminder_times)s, %(start_date)s, %(end_date)s, %(priority)s, %(barcode)s, %(reference_image_path)s, %(image_features)s, %(label_text)s, %(reference_images)s, %(background_image)s, %(visual_fingerprint)s, %(histogram_fingerprint)s, %(ai_trained)s, %(created_at)s, %(updated_at)s) RETURNING medication.id
2026-02-05 10:05:55,413 INFO sqlalchemy.engine.Engine [cached since 0.3907s ago] {'name': 'MED2', 'dosage': '5mg', 'frequency': 'daily', 'instructions': None, 'user_id': 1, 'morning': False, 'afternoon': False, 'evening': False, 'night': False, 'reminder_enabled': True, 'reminder_sound': True, 'reminder_voice': True, 'custom_reminder_times': None, 'start_date': None, 'end_date': None, 'priority': 'normal', 'barcode': None, 'reference_image_path': None, 'image_features': None, 'label_text': None, 'reference_images': None, 'background_image': None, 'visual_fingerprint': None, 'histogram_fingerprint': None, 'ai_trained': False, 'created_at': datetime.datetime(2026, 2, 5, 4, 35, 55, 413303), 'updated_at': datetime.datetime(2026, 2, 5, 4, 35, 55, 413303)}
2026-02-05 10:05:55,518 INFO sqlalchemy.engine.Engine INSERT INTO medication_log (medication_id, user_id, taken_at, scheduled_time, taken_correctly, verified_by_camera, verification_confidence, verification_method, status, notes, created_at) VALUES (%(medication_id)s, %(user_id)s, %(taken_at)s, %(scheduled_time)s, %(taken_correctly)s, %(verified_by_camera)s, %(verification_confidence)s, %(verification_method)s, %(status)s, %(notes)s, %(created_at)s) RETURNING medication_log.id
2026-02-05 10:05:55,518 INFO sqlalchemy.engine.Engine [generated in 0.00028s] {'medication_id': 14, 'user_id': 1, 'taken_at': datetime.datetime(2026, 2, 5, 4, 35, 55, 518880), 'scheduled_time': None, 'taken_correctly': True, 'verified_by_camera': False, 'verification_confidence': None, 'verification_method': None, 'status': 'verified', 'notes': None, 'created_at': datetime.datetime(2026, 2, 5, 4, 35, 55, 518880)}
2026-02-05 10:05:55,578 INFO sqlalchemy.engine.Engine INSERT INTO snooze_log (user_id, medication_id, original_medication_time, snooze_until, created_at, snooze_duration_minutes) VALUES (%(user_id)s, %(medication_id)s, %(original_medication_time)s, %(snooze_until)s, %(created_at)s, %(snooze_duration_minutes)s) RETURNING snooze_log.id
2026-02-05 10:05:55,578 INFO sqlalchemy.engine.Engine [generated in 0.00022s] {'user_id': 1, 'medication_id': 14, 'original_medication_time': datetime.datetime(2026, 2, 5, 10, 5, 55, 412305), 'snooze_until': datetime.datetime(2026, 2, 5, 10, 5, 55, 412305), 'created_at': datetime.datetime(2026, 2, 5, 4, 35, 55, 578282), 'snooze_duration_minutes': 5}
2026-02-05 10:05:55,720 INFO sqlalchemy.engine.Engine COMMIT
2026-02-05 10:05:55,775 INFO sqlalchemy.engine.Engine BEGIN (implicit)
2026-02-05 10:05:55,777 INFO sqlalchemy.engine.Engine SELECT medication.name AS medication_name, medication.dosage AS medication_dosage, medication.frequency AS medication_frequency, medication.instructions AS medication_instructions, medication.user_id AS medication_user_id, medication.morning AS medication_morning, medication.afternoon AS medication_afternoon, medication.evening AS medication_evening, medication.night AS medication_night, medication.reminder_enabled AS medication_reminder_enabled, medication.reminder_sound AS medication_reminder_sound, medication.reminder_voice AS medication_reminder_voice, medication.custom_reminder_times AS medication_custom_reminder_times, medication.start_date AS medication_start_date, medication.end_date AS medication_end_date, medication.priority AS medication_priority, medication.barcode AS medication_barcode, medication.reference_image_path AS medication_reference_image_path, medication.image_features AS medication_image_features, medication.label_text AS medication_label_text, medication.reference_images AS medication_reference_images, medication.background_image AS medication_background_image, medication.visual_fingerprint AS medication_visual_fingerprint, medication.histogram_fingerprint AS medication_histogram_fingerprint, medication.ai_trained AS medication_ai_trained, medication.id AS medication_id, medication.created_at AS medication_created_at, medication.updated_at AS medication_updated_at 
FROM medication 
WHERE medication.id = %(pk_1)s
2026-02-05 10:05:55,777 INFO sqlalchemy.engine.Engine [cached since 0.648s ago] {'pk_1': 14}
2026-02-05 10:05:56,014 INFO sqlalchemy.engine.Engine SELECT medication.name AS medication_name, medication.dosage AS medication_dosage, medication.frequency AS medication_frequency, medication.instructions AS medication_instructions, medication.user_id AS medication_user_id, medication.morning AS medication_morning, medication.afternoon AS medication_afternoon, medication.evening AS medication_evening, medication.night AS medication_night, medication.reminder_enabled AS medication_reminder_enabled, medication.reminder_sound AS medication_reminder_sound, medication.reminder_voice AS medication_reminder_voice, medication.custom_reminder_times AS medication_custom_reminder_times, medication.start_date AS medication_start_date, medication.end_date AS medication_end_date, medication.priority AS medication_priority, medication.barcode AS medication_barcode, medication.reference_image_path AS medication_reference_image_path, medication.image_features AS medication_image_features, medication.label_text AS medication_label_text, medication.reference_images AS medication_reference_images, medication.background_image AS medication_background_image, medication.visual_fingerprint AS medication_visual_fingerprint, medication.histogram_fingerprint AS medication_histogram_fingerprint, medication.ai_trained AS medication_ai_trained, medication.id AS medication_id, medication.created_at AS medication_created_at, medication.updated_at AS medication_updated_at 
FROM medication 
WHERE medication.id = %(pk_1)s
2026-02-05 10:05:56,014 INFO sqlalchemy.engine.Engine [cached since 0.8861s ago] {'pk_1': 15}
2026-02-05 10:05:56,080 INFO sqlalchemy.engine.Engine INSERT INTO medication_interaction (medication1_id, medication2_id, severity, description, recommendation, source, risk_factors) VALUES (%(medication1_id)s, %(medication2_id)s, %(severity)s, %(description)s, %(recommendation)s, %(source)s, %(risk_factors)s) RETURNING medication_interaction.id, medication_interaction.last_updated
2026-02-05 10:05:56,080 INFO sqlalchemy.engine.Engine [generated in 0.00019s] {'medication1_id': 14, 'medication2_id': 15, 'severity': 'high', 'description': 'Test interaction', 'recommendation': 'Test rec', 'source': 'manual', 'risk_factors': None}
2026-02-05 10:05:56,137 INFO sqlalchemy.engine.Engine COMMIT
Created all dependent records (Logs, Snoozes, Interactions)
Attempting exhaustive delete...
2026-02-05 10:05:56,182 INFO sqlalchemy.engine.Engine BEGIN (implicit)
2026-02-05 10:05:56,182 INFO sqlalchemy.engine.Engine SELECT medication.name AS medication_name, medication.dosage AS medication_dosage, medication.frequency AS medication_frequency, medication.instructions AS medication_instructions, medication.user_id AS medication_user_id, medication.morning AS medication_morning, medication.afternoon AS medication_afternoon, medication.evening AS medication_evening, medication.night AS medication_night, medication.reminder_enabled AS medication_reminder_enabled, medication.reminder_sound AS medication_reminder_sound, medication.reminder_voice AS medication_reminder_voice, medication.custom_reminder_times AS medication_custom_reminder_times, medication.start_date AS medication_start_date, medication.end_date AS medication_end_date, medication.priority AS medication_priority, medication.barcode AS medication_barcode, medication.reference_image_path AS medication_reference_image_path, medication.image_features AS medication_image_features, medication.label_text AS medication_label_text, medication.reference_images AS medication_reference_images, medication.background_image AS medication_background_image, medication.visual_fingerprint AS medication_visual_fingerprint, medication.histogram_fingerprint AS medication_histogram_fingerprint, medication.ai_trained AS medication_ai_trained, medication.id AS medication_id, medication.created_at AS medication_created_at, medication.updated_at AS medication_updated_at 
FROM medication 
WHERE medication.id = %(pk_1)s
2026-02-05 10:05:56,183 INFO sqlalchemy.engine.Engine [cached since 1.054s ago] {'pk_1': 14}
2026-02-05 10:05:56,462 INFO sqlalchemy.engine.Engine SELECT "user".username AS user_username, "user".full_name AS user_full_name, "user".email AS user_email, "user".password_hash AS user_password_hash, "user".role AS user_role, "user".phone AS user_phone, "user".telegram_chat_id AS user_telegram_chat_id, "user".reset_token AS user_reset_token, "user".reset_token_expiry AS user_reset_token_expiry, "user".email_verified AS user_email_verified, "user".email_verification_token AS user_email_verification_token, "user".camera_auto_accept AS user_camera_auto_accept, "user".preferences AS user_preferences, "user".id AS user_id, "user".created_at AS user_created_at, "user".updated_at AS user_updated_at 
FROM "user" 
WHERE "user".id = %(pk_1)s
2026-02-05 10:05:56,462 INFO sqlalchemy.engine.Engine [cached since 1.151s ago] {'pk_1': 1}
2026-02-05 10:05:56,555 INFO sqlalchemy.engine.Engine SELECT medication.name AS medication_name, medication.dosage AS medication_dosage, medication.frequency AS medication_frequency, medication.instructions AS medication_instructions, medication.user_id AS medication_user_id, medication.morning AS medication_morning, medication.afternoon AS medication_afternoon, medication.evening AS medication_evening, medication.night AS medication_night, medication.reminder_enabled AS medication_reminder_enabled, medication.reminder_sound AS medication_reminder_sound, medication.reminder_voice AS medication_reminder_voice, medication.custom_reminder_times AS medication_custom_reminder_times, medication.start_date AS medication_start_date, medication.end_date AS medication_end_date, medication.priority AS medication_priority, medication.barcode AS medication_barcode, medication.reference_image_path AS medication_reference_image_path, medication.image_features AS medication_image_features, medication.label_text AS medication_label_text, medication.reference_images AS medication_reference_images, medication.background_image AS medication_background_image, medication.visual_fingerprint AS medication_visual_fingerprint, medication.histogram_fingerprint AS medication_histogram_fingerprint, medication.ai_trained AS medication_ai_trained, medication.id AS medication_id, medication.created_at AS medication_created_at, medication.updated_at AS medication_updated_at 
FROM medication 
WHERE medication.id = %(id_1)s AND medication.user_id = %(user_id_1)s 
 LIMIT %(param_1)s
2026-02-05 10:05:56,555 INFO sqlalchemy.engine.Engine [generated in 0.00020s] {'id_1': 14, 'user_id_1': 1, 'param_1': 1}
2026-02-05 10:05:56,664 INFO sqlalchemy.engine.Engine DELETE FROM medication_log WHERE medication_log.medication_id = %(medication_id_1)s
2026-02-05 10:05:56,664 INFO sqlalchemy.engine.Engine [generated in 0.00021s] {'medication_id_1': 14}
2026-02-05 10:05:56,737 INFO sqlalchemy.engine.Engine DELETE FROM snooze_log WHERE snooze_log.medication_id = %(medication_id_1)s
2026-02-05 10:05:56,737 INFO sqlalchemy.engine.Engine [generated in 0.00019s] {'medication_id_1': 14}
2026-02-05 10:05:56,790 INFO sqlalchemy.engine.Engine DELETE FROM medication_interaction WHERE medication_interaction.medication1_id = %(medication1_id_1)s OR medication_interaction.medication2_id = %(medication2_id_1)s
2026-02-05 10:05:56,790 INFO sqlalchemy.engine.Engine [generated in 0.00027s] {'medication1_id_1': 14, 'medication2_id_1': 14}
2026-02-05 10:05:56,854 INFO sqlalchemy.engine.Engine SELECT medication_log.id AS medication_log_id, medication_log.medication_id AS medication_log_medication_id, medication_log.user_id AS medication_log_user_id, medication_log.taken_at AS medication_log_taken_at, medication_log.scheduled_time AS medication_log_scheduled_time, medication_log.taken_correctly AS medication_log_taken_correctly, medication_log.verified_by_camera AS medication_log_verified_by_camera, medication_log.verification_confidence AS medication_log_verification_confidence, medication_log.verification_method AS medication_log_verification_method, medication_log.status AS medication_log_status, medication_log.notes AS medication_log_notes, medication_log.created_at AS medication_log_created_at 
FROM medication_log 
WHERE %(param_1)s = medication_log.medication_id
2026-02-05 10:05:56,854 INFO sqlalchemy.engine.Engine [generated in 0.00020s] {'param_1': 14}
2026-02-05 10:05:56,921 INFO sqlalchemy.engine.Engine SELECT snooze_log.id AS snooze_log_id, snooze_log.user_id AS snooze_log_user_id, snooze_log.medication_id AS snooze_log_medication_id, snooze_log.original_medication_time AS snooze_log_original_medication_time, snooze_log.snooze_until AS snooze_log_snooze_until, snooze_log.created_at AS snooze_log_created_at, snooze_log.snooze_duration_minutes AS snooze_log_snooze_duration_minutes 
FROM snooze_log 
WHERE %(param_1)s = snooze_log.medication_id
2026-02-05 10:05:56,921 INFO sqlalchemy.engine.Engine [generated in 0.00033s] {'param_1': 14}
2026-02-05 10:05:56,973 INFO sqlalchemy.engine.Engine DELETE FROM medication WHERE medication.id = %(id)s
2026-02-05 10:05:56,975 INFO sqlalchemy.engine.Engine [generated in 0.00017s] {'id': 14}
2026-02-05 10:05:57,033 INFO sqlalchemy.engine.Engine COMMIT
Γ£à Delete Success!
2026-02-05 10:05:57,166 INFO sqlalchemy.engine.Engine BEGIN (implicit)
2026-02-05 10:05:57,168 INFO sqlalchemy.engine.Engine SELECT count(*) AS count_1 
FROM (SELECT medication_log.id AS medication_log_id, medication_log.medication_id AS medication_log_medication_id, medication_log.user_id AS medication_log_user_id, medication_log.taken_at AS medication_log_taken_at, medication_log.scheduled_time AS medication_log_scheduled_time, medication_log.taken_correctly AS medication_log_taken_correctly, medication_log.verified_by_camera AS medication_log_verified_by_camera, medication_log.verification_confidence AS medication_log_verification_confidence, medication_log.verification_method AS medication_log_verification_method, medication_log.status AS medication_log_status, medication_log.notes AS medication_log_notes, medication_log.created_at AS medication_log_created_at 
FROM medication_log 
WHERE medication_log.medication_id = %(medication_id_1)s) AS anon_1
2026-02-05 10:05:57,169 INFO sqlalchemy.engine.Engine [generated in 0.00020s] {'medication_id_1': 14}
2026-02-05 10:05:57,463 INFO sqlalchemy.engine.Engine SELECT count(*) AS count_1 
FROM (SELECT snooze_log.id AS snooze_log_id, snooze_log.user_id AS snooze_log_user_id, snooze_log.medication_id AS snooze_log_medication_id, snooze_log.original_medication_time AS snooze_log_original_medication_time, snooze_log.snooze_until AS snooze_log_snooze_until, snooze_log.created_at AS snooze_log_created_at, snooze_log.snooze_duration_minutes AS snooze_log_snooze_duration_minutes 
FROM snooze_log 
WHERE snooze_log.medication_id = %(medication_id_1)s) AS anon_1
2026-02-05 10:05:57,463 INFO sqlalchemy.engine.Engine [generated in 0.00025s] {'medication_id_1': 14}
2026-02-05 10:05:57,539 INFO sqlalchemy.engine.Engine SELECT count(*) AS count_1 
FROM (SELECT medication_interaction.id AS medication_interaction_id, medication_interaction.medication1_id AS medication_interaction_medication1_id, medication_interaction.medication2_id AS medication_interaction_medication2_id, medication_interaction.severity AS medication_interaction_severity, medication_interaction.description AS medication_interaction_description, medication_interaction.recommendation AS medication_interaction_recommendation, medication_interaction.source AS medication_interaction_source, medication_interaction.risk_factors AS medication_interaction_risk_factors, medication_interaction.last_updated AS medication_interaction_last_updated 
FROM medication_interaction 
WHERE medication_interaction.medication1_id = %(medication1_id_1)s OR medication_interaction.medication2_id = %(medication2_id_1)s) AS anon_1
2026-02-05 10:05:57,540 INFO sqlalchemy.engine.Engine [generated in 0.00020s] {'medication1_id_1': 14, 'medication2_id_1': 14}
Orphans: Logs=0, Snoozes=0, Interactions=0
Γ£à ALL dependencies cleaned up correctly!
2026-02-05 10:05:57,591 INFO sqlalchemy.engine.Engine SELECT medication.name AS medication_name, medication.dosage AS medication_dosage, medication.frequency AS medication_frequency, medication.instructions AS medication_instructions, medication.user_id AS medication_user_id, medication.morning AS medication_morning, medication.afternoon AS medication_afternoon, medication.evening AS medication_evening, medication.night AS medication_night, medication.reminder_enabled AS medication_reminder_enabled, medication.reminder_sound AS medication_reminder_sound, medication.reminder_voice AS medication_reminder_voice, medication.custom_reminder_times AS medication_custom_reminder_times, medication.start_date AS medication_start_date, medication.end_date AS medication_end_date, medication.priority AS medication_priority, medication.barcode AS medication_barcode, medication.reference_image_path AS medication_reference_image_path, medication.image_features AS medication_image_features, medication.label_text AS medication_label_text, medication.reference_images AS medication_reference_images, medication.background_image AS medication_background_image, medication.visual_fingerprint AS medication_visual_fingerprint, medication.histogram_fingerprint AS medication_histogram_fingerprint, medication.ai_trained AS medication_ai_trained, medication.id AS medication_id, medication.created_at AS medication_created_at, medication.updated_at AS medication_updated_at 
FROM medication 
WHERE medication.id = %(pk_1)s
2026-02-05 10:05:57,591 INFO sqlalchemy.engine.Engine [cached since 2.462s ago] {'pk_1': 15}
2026-02-05 10:05:57,647 INFO sqlalchemy.engine.Engine SELECT medication_log.id AS medication_log_id, medication_log.medication_id AS medication_log_medication_id, medication_log.user_id AS medication_log_user_id, medication_log.taken_at AS medication_log_taken_at, medication_log.scheduled_time AS medication_log_scheduled_time, medication_log.taken_correctly AS medication_log_taken_correctly, medication_log.verified_by_camera AS medication_log_verified_by_camera, medication_log.verification_confidence AS medication_log_verification_confidence, medication_log.verification_method AS medication_log_verification_method, medication_log.status AS medication_log_status, medication_log.notes AS medication_log_notes, medication_log.created_at AS medication_log_created_at 
FROM medication_log 
WHERE %(param_1)s = medication_log.medication_id
2026-02-05 10:05:57,647 INFO sqlalchemy.engine.Engine [cached since 0.7927s ago] {'param_1': 15}
2026-02-05 10:05:57,701 INFO sqlalchemy.engine.Engine SELECT snooze_log.id AS snooze_log_id, snooze_log.user_id AS snooze_log_user_id, snooze_log.medication_id AS snooze_log_medication_id, snooze_log.original_medication_time AS snooze_log_original_medication_time, snooze_log.snooze_until AS snooze_log_snooze_until, snooze_log.created_at AS snooze_log_created_at, snooze_log.snooze_duration_minutes AS snooze_log_snooze_duration_minutes 
FROM snooze_log 
WHERE %(param_1)s = snooze_log.medication_id
2026-02-05 10:05:57,701 INFO sqlalchemy.engine.Engine [cached since 0.7792s ago] {'param_1': 15}
2026-02-05 10:05:57,776 INFO sqlalchemy.engine.Engine DELETE FROM medication WHERE medication.id = %(id)s
2026-02-05 10:05:57,776 INFO sqlalchemy.engine.Engine [cached since 0.8021s ago] {'id': 15}
2026-02-05 10:05:57,825 INFO sqlalchemy.engine.Engine COMMIT
